C51 COMPILER V9.60.7.0   MOVECAR                                                           03/21/2024 10:21:54 PAGE 1   


C51 COMPILER V9.60.7.0, COMPILATION OF MODULE MOVECAR
OBJECT MODULE PLACED IN .\Objects\MoveCar.obj
COMPILER INVOKED BY: D:\Keil C51\C51\BIN\C51.EXE MoveCar.c LARGE OMF2 OPTIMIZE(8,SPEED) BROWSE DEBUG PRINT(.\Listings\Mo
                    -veCar.lst) OBJECT(.\Objects\MoveCar.obj)

line level    source

   1          #include "MoveCar.h"
   2          
   3          /******************************************************************************/
   4          /* 函数名称  : Go_Forward                                                                      */
   5          /* 函数描述  : 同时控制左右电机，使左右电机同时前转，实现向前行进               */
   6          /* 输入参数  : 无                                                             */
   7          /* 参数描述  : 无                                                                                     */
   8          /* 返回值    : 无                                                             */
   9          /******************************************************************************/
  10          void Go_Forward()
  11          {
  12   1              A1_Right = LOW;
  13   1              A2_Right = HIGH;
  14   1              B1_Left = LOW;
  15   1              B2_Left = HIGH;
  16   1      }
  17          
  18          /******************************************************************************/
  19          /* 函数名称  : Go_Back                                                                 */
  20          /* 函数描述  : 同时控制左右电机，使左右电机同时后转，实现向后行进                */
  21          /* 输入参数  : 无                                                             */
  22          /* 参数描述  : 无                                                                                     */
  23          /* 返回值    : 无                                                             */
  24          /******************************************************************************/
  25          void Go_Back()
  26          {
  27   1              A1_Right = HIGH;
  28   1              A2_Right = LOW;
  29   1              B1_Left = HIGH;
  30   1              B2_Left = LOW;
  31   1      }
  32          
  33          /******************************************************************************/
  34          /* 函数名称  : Go_Left                                                                 */
  35          /* 函数描述  : 同时控制左右电机，使右电机前转左电机不转，实现左转弯             */
  36          /* 输入参数  : 无                                                             */
  37          /* 参数描述  : 无                                                                                             */
  38          /* 返回值    : 无                                                             */
  39          /******************************************************************************/
  40          void Go_Left()
  41          {
  42   1              A1_Right = LOW;
  43   1              A2_Right = HIGH;
  44   1              B1_Left = LOW;
  45   1              B2_Left = LOW;
  46   1      }
  47          
  48          /******************************************************************************/
  49          /* 函数名称  : Go_Right                                                                */
  50          /* 函数描述  : 同时控制左右电机，使左电机前转右电机不转，实现右转弯              */
  51          /* 输入参数  : 无                                                             */
  52          /* 参数描述  : 无                                                                                        */
  53          /* 返回值    : 无                                                             */
  54          /******************************************************************************/
C51 COMPILER V9.60.7.0   MOVECAR                                                           03/21/2024 10:21:54 PAGE 2   

  55          void Go_Right()
  56          {
  57   1              A1_Right = LOW;
  58   1              A2_Right = LOW;
  59   1              B1_Left = LOW;
  60   1              B2_Left = HIGH;
  61   1      }
  62          
  63          /******************************************************************************/
  64          /* 函数名称  : Stop                                                                            */
  65          /* 函数描述  : 同时控制左右电机都停止转动                                       */
  66          /* 输入参数  : 无                                                             */
  67          /* 参数描述  : 无                                                                                     */
  68          /* 返回值    : 无                                                             */
  69          /******************************************************************************/
  70          void Stop()
  71          {
  72   1              A1_Right = LOW;
  73   1              A2_Right = LOW;
  74   1              B1_Left = LOW;
  75   1              B2_Left = LOW;
  76   1      }
  77          
  78          /******************************************************************************/
  79          /* 函数名称  : Left_Wheel_Go                                                              */
  80          /* 函数描述  : 独立控制的左电机前转                                          */
  81          /* 输入参数  : 无                                                             */
  82          /* 参数描述  : 无                                                                                      */
  83          /* 返回值    : 无                                                             */
  84          /******************************************************************************/
  85          void Left_Wheel_Go()
  86          {
  87   1              B1_Left = LOW;
  88   1              B2_Left = HIGH;
  89   1      }
  90          
  91          /******************************************************************************/
  92          /* 函数名称  : Right_Wheel_Go                                                             */
  93          /* 函数描述  : 独立控制的右电机前转                                                      */
  94          /* 输入参数  : 无                                                             */
  95          /* 参数描述  : 无                                                                                      */
  96          /* 返回值    : 无                                                             */
  97          /******************************************************************************/
  98          void Right_Wheel_Go()
  99          {
 100   1              A1_Right = LOW;
 101   1              A2_Right = HIGH;
 102   1      }
 103          
 104          /******************************************************************************/
 105          /* 函数名称  : Left_Wheel_Stop                                                            */
 106          /* 函数描述  : 独立控制的左电机停止                                                                   */
 107          /* 输入参数  : 无                                                             */
 108          /* 参数描述  : 无                                                                                */ 
 109          /* 返回值    : 无                                                             */
 110          /******************************************************************************/
 111          void Left_Wheel_Stop()
 112          {
 113   1              B1_Left = LOW;
 114   1              B2_Left = LOW;
 115   1      }
 116          
C51 COMPILER V9.60.7.0   MOVECAR                                                           03/21/2024 10:21:54 PAGE 3   

 117          /******************************************************************************/
 118          /* 函数名称  : Left_Wheel_Stop                                                            */
 119          /* 函数描述  : 独立控制的右电机停止转动                                               */
 120          /* 输入参数  : 无                                                             */
 121          /* 参数描述  : 无                                                                                      */
 122          /* 返回值    : 无                                                             */
 123          /******************************************************************************/
 124          void Right_Wheel_Stop()
 125          {
 126   1              A1_Right = LOW;
 127   1              A2_Right = LOW;
 128   1      }


MODULE INFORMATION:   STATIC OVERLAYABLE
   CODE SIZE        =     65    ----
   CONSTANT SIZE    =   ----    ----
   XDATA SIZE       =   ----    ----
   PDATA SIZE       =   ----    ----
   DATA SIZE        =   ----    ----
   IDATA SIZE       =   ----    ----
   BIT SIZE         =   ----    ----
   EDATA SIZE       =   ----    ----
   HDATA SIZE       =   ----    ----
   XDATA CONST SIZE =   ----    ----
   FAR CONST SIZE   =   ----    ----
END OF MODULE INFORMATION.


C51 COMPILATION COMPLETE.  0 WARNING(S),  0 ERROR(S)
