C51 COMPILER V9.60.7.0   SG90                                                              03/21/2024 10:21:54 PAGE 1   


C51 COMPILER V9.60.7.0, COMPILATION OF MODULE SG90
OBJECT MODULE PLACED IN .\Objects\SG90.obj
COMPILER INVOKED BY: D:\Keil C51\C51\BIN\C51.EXE SG90.c LARGE OMF2 OPTIMIZE(8,SPEED) BROWSE DEBUG PRINT(.\Listings\SG90.
                    -lst) OBJECT(.\Objects\SG90.obj)

line level    source

   1          #include "SG90.h"
   2          
   3          /********************************变量定义****************************************/
   4          int cnt;
   5          int angle;
   6          
   7          /******************************************************************************/
   8          /* 函数名称  : Timer0_Init                                                                        */
   9          /* 函数描述  : 初始化Time0定时器，用以定时500微秒，通过中断控制PWM波的占空比      */    
  10          /* 输入参数  : 无                                                                 */
  11          /* 参数描述  : 无                                                                                     */
  12          /* 返回值    : 无                                                                         */
  13          /******************************************************************************/
  14          void Timer0_Init()              
  15          {
  16   1              TMOD &= 0xF0;           //设置定时器模式
  17   1              TMOD |= 0x01;           //设置定时器模式
  18   1              TL0 = 0x33;             //设置定时初值
  19   1              TH0 = 0xFE;             //设置定时初值
  20   1              TF0 = 0;                //清除TF0标志
  21   1              TR0 = 1;                //定时器0开始计时
  22   1              ET0 = 1;
  23   1              EA = 1;
  24   1      }
  25          
  26          /******************************************************************************/
  27          /* 函数名称  : SG90_Init                                                                  */
  28          /* 函数描述  : 旋转舵机至90度位置,初始化定时器溢出次数                                            */    
  29          /* 输入参数  : 无                                                                 */
  30          /* 参数描述  : 无                                                                                     */
  31          /* 返回值    : 无                                                                         */
  32          /******************************************************************************/
  33          void SG90_Init()
  34          {
  35   1              angle = MIDDLE;
  36   1              cnt = 0;
  37   1      }
  38          
  39          /******************************************************************************/
  40          /* 函数名称  : Shake_Head_Left                                                            */
  41          /* 函数描述  : 旋转舵机至180度位置                                                                                        */    
  42          /* 输入参数  : 无                                                                 */
  43          /* 参数描述  : 无                                                                                     */
  44          /* 返回值    : 无                                                                         */
  45          /******************************************************************************/
  46          void Shake_Head_Left()
  47          {
  48   1              angle = LEFT;
  49   1              cnt = 0;
  50   1      }
  51          
  52          /******************************************************************************/
  53          /* 函数名称  : Shake_Head_Left                                                            */
  54          /* 函数描述  : 旋转舵机至0度位置                                                                                                  */    
C51 COMPILER V9.60.7.0   SG90                                                              03/21/2024 10:21:54 PAGE 2   

  55          /* 输入参数  : 无                                                                 */
  56          /* 参数描述  : 无                                                                                     */
  57          /* 返回值    : 无                                                                         */
  58          /******************************************************************************/
  59          void Shake_Head_Right()
  60          {
  61   1              angle = RIGHT;
  62   1              cnt = 0;
  63   1      }
  64          
  65          /******************************************************************************/
  66          /* 函数名称  : Shake_Head_Left                                                            */
  67          /* 函数描述  : 旋转舵机至90度位置                                                                                         */    
  68          /* 输入参数  : 无                                                                 */
  69          /* 参数描述  : 无                                                                                     */
  70          /* 返回值    : 无                                                                         */
  71          /******************************************************************************/
  72          void Shake_Head_Middle()
  73          {
  74   1              angle = MIDDLE;
  75   1              cnt = 0;
  76   1      }
  77          
  78          /******************************************************************************/
  79          /* 函数名称  : Time0_Handle                                                               */
  80          /* 函数描述  : 定时器中断处理函数，模拟PWM波                                                                      */    
  81          /* 输入参数  : 无                                                                 */
  82          /* 参数描述  : 无                                                                                     */
  83          /* 返回值    : 无                                                                         */
  84          /******************************************************************************/
  85          void Time0_Handle() interrupt 1
  86          {
  87   1              cnt++;
  88   1              TL0 = 0x33;             //设置定时初值
  89   1              TH0 = 0xFE;             //设置定时初值
  90   1              if(cnt < angle)
  91   1              {
  92   2                      sg_90 = HIGH;
  93   2              }
  94   1              else
  95   1              {
  96   2                      sg_90 = LOW;
  97   2              }
  98   1              if(cnt == 40)
  99   1              {
 100   2                      cnt = 0;
 101   2                      sg_90 = HIGH;
 102   2              }
 103   1      }


MODULE INFORMATION:   STATIC OVERLAYABLE
   CODE SIZE        =    189    ----
   CONSTANT SIZE    =   ----    ----
   XDATA SIZE       =      4    ----
   PDATA SIZE       =   ----    ----
   DATA SIZE        =   ----    ----
   IDATA SIZE       =   ----    ----
   BIT SIZE         =   ----    ----
   EDATA SIZE       =   ----    ----
   HDATA SIZE       =   ----    ----
   XDATA CONST SIZE =   ----    ----
C51 COMPILER V9.60.7.0   SG90                                                              03/21/2024 10:21:54 PAGE 3   

   FAR CONST SIZE   =   ----    ----
END OF MODULE INFORMATION.


C51 COMPILATION COMPLETE.  0 WARNING(S),  0 ERROR(S)
